<?xml version="1.0" encoding="UTF-8"?>
<testsuites>
    <testsuite name="training-the-app;bbc-football" tests="2" failures="1" skipped="0">
        <properties>
            <property name="URI" value="E:/Localhost/dissertation/Extension/features/train.feature">
            </property>
        </properties>
        <testcase name="When I go to &quot;https://www.bbc.co.uk/sport/football&quot;" classname="training-the-app;bbc-football" time="4.342046799">
        </testcase>
        <testcase name="Then I should see &quot;Football&quot;" classname="training-the-app;bbc-football" time="10.0143017">
            <failure message="TimeoutError: Waiting for at least one element to be located By(css selector, asdasdasd)">TimeoutError: Waiting for at least one element to be located By(css selector, asdasdasd)
Wait timed out after 10011ms
    at E:\Localhost\dissertation\Extension\node_modules\selenium-webdriver\lib\promise.js:2209:17
    at ManagedPromise.invokeCallback_ (E:\Localhost\dissertation\Extension\node_modules\selenium-webdriver\lib\promise.js:1384:14)
    at TaskQueue.execute_ (E:\Localhost\dissertation\Extension\node_modules\selenium-webdriver\lib\promise.js:3092:14)
    at TaskQueue.executeNext_ (E:\Localhost\dissertation\Extension\node_modules\selenium-webdriver\lib\promise.js:3075:27)
    at asyncRun (E:\Localhost\dissertation\Extension\node_modules\selenium-webdriver\lib\promise.js:2935:27)
    at E:\Localhost\dissertation\Extension\node_modules\selenium-webdriver\lib\promise.js:676:7
    at process._tickCallback (internal/process/next_tick.js:68:7)
From: Task: Waiting for at least one element to be located By(css selector, asdasdasd)
    at scheduleWait (E:\Localhost\dissertation\Extension\node_modules\selenium-webdriver\lib\promise.js:2196:20)
    at ControlFlow.wait (E:\Localhost\dissertation\Extension\node_modules\selenium-webdriver\lib\promise.js:2525:12)
    at thenableWebDriverProxy.wait (E:\Localhost\dissertation\Extension\node_modules\selenium-webdriver\lib\webdriver.js:934:29)
    at createWorld.&lt;anonymous&gt; (E:\Localhost\dissertation\Extension\features\step-definitions\steps.js:32:23)
    at process._tickCallback (internal/process/next_tick.js:61:11)</failure>
        </testcase>
    </testsuite>
</testsuites>